/home/amrutha/robotics-training/ros2_ws/src/my_robot/install/my_robot/lib/python3.10/site-packages/my_robot/hello_node.py
/home/amrutha/robotics-training/ros2_ws/src/my_robot/install/my_robot/lib/python3.10/site-packages/my_robot/talker.py
/home/amrutha/robotics-training/ros2_ws/src/my_robot/install/my_robot/lib/python3.10/site-packages/my_robot/service_client.py
/home/amrutha/robotics-training/ros2_ws/src/my_robot/install/my_robot/lib/python3.10/site-packages/my_robot/__init__.py
/home/amrutha/robotics-training/ros2_ws/src/my_robot/install/my_robot/lib/python3.10/site-packages/my_robot/listener.py
/home/amrutha/robotics-training/ros2_ws/src/my_robot/install/my_robot/lib/python3.10/site-packages/my_robot/service_server.py
/home/amrutha/robotics-training/ros2_ws/src/my_robot/install/my_robot/lib/python3.10/site-packages/my_robot/__pycache__/hello_node.cpython-310.pyc
/home/amrutha/robotics-training/ros2_ws/src/my_robot/install/my_robot/lib/python3.10/site-packages/my_robot/__pycache__/talker.cpython-310.pyc
/home/amrutha/robotics-training/ros2_ws/src/my_robot/install/my_robot/lib/python3.10/site-packages/my_robot/__pycache__/service_client.cpython-310.pyc
/home/amrutha/robotics-training/ros2_ws/src/my_robot/install/my_robot/lib/python3.10/site-packages/my_robot/__pycache__/__init__.cpython-310.pyc
/home/amrutha/robotics-training/ros2_ws/src/my_robot/install/my_robot/lib/python3.10/site-packages/my_robot/__pycache__/listener.cpython-310.pyc
/home/amrutha/robotics-training/ros2_ws/src/my_robot/install/my_robot/lib/python3.10/site-packages/my_robot/__pycache__/service_server.cpython-310.pyc
/home/amrutha/robotics-training/ros2_ws/src/my_robot/install/my_robot/share/ament_index/resource_index/packages/my_robot
/home/amrutha/robotics-training/ros2_ws/src/my_robot/install/my_robot/share/my_robot/package.xml
/home/amrutha/robotics-training/ros2_ws/src/my_robot/install/my_robot/lib/python3.10/site-packages/my_robot-0.0.0-py3.10.egg-info/SOURCES.txt
/home/amrutha/robotics-training/ros2_ws/src/my_robot/install/my_robot/lib/python3.10/site-packages/my_robot-0.0.0-py3.10.egg-info/top_level.txt
/home/amrutha/robotics-training/ros2_ws/src/my_robot/install/my_robot/lib/python3.10/site-packages/my_robot-0.0.0-py3.10.egg-info/zip-safe
/home/amrutha/robotics-training/ros2_ws/src/my_robot/install/my_robot/lib/python3.10/site-packages/my_robot-0.0.0-py3.10.egg-info/requires.txt
/home/amrutha/robotics-training/ros2_ws/src/my_robot/install/my_robot/lib/python3.10/site-packages/my_robot-0.0.0-py3.10.egg-info/dependency_links.txt
/home/amrutha/robotics-training/ros2_ws/src/my_robot/install/my_robot/lib/python3.10/site-packages/my_robot-0.0.0-py3.10.egg-info/entry_points.txt
/home/amrutha/robotics-training/ros2_ws/src/my_robot/install/my_robot/lib/python3.10/site-packages/my_robot-0.0.0-py3.10.egg-info/PKG-INFO
/home/amrutha/robotics-training/ros2_ws/src/my_robot/install/my_robot/lib/my_robot/hello_node
/home/amrutha/robotics-training/ros2_ws/src/my_robot/install/my_robot/lib/my_robot/listener
/home/amrutha/robotics-training/ros2_ws/src/my_robot/install/my_robot/lib/my_robot/service_client
/home/amrutha/robotics-training/ros2_ws/src/my_robot/install/my_robot/lib/my_robot/service_server
/home/amrutha/robotics-training/ros2_ws/src/my_robot/install/my_robot/lib/my_robot/talker
