[0.194s] DEBUG:colcon:Command line arguments: ['/usr/bin/colcon', 'build']
[0.195s] DEBUG:colcon:Parsed command line arguments: Namespace(log_base=None, log_level=None, verb_name='build', build_base='build', install_base='install', merge_install=False, symlink_install=False, test_result_base=None, continue_on_error=False, executor='parallel', parallel_workers=4, event_handlers=None, ignore_user_meta=False, metas=['./colcon.meta'], base_paths=['.'], packages_ignore=None, packages_ignore_regex=None, paths=None, packages_up_to=None, packages_up_to_regex=None, packages_above=None, packages_above_and_dependencies=None, packages_above_depth=None, packages_select_by_dep=None, packages_skip_by_dep=None, packages_skip_up_to=None, packages_select_build_failed=False, packages_skip_build_finished=False, packages_select_test_failures=False, packages_skip_test_passed=False, packages_select=None, packages_skip=None, packages_select_regex=None, packages_skip_regex=None, packages_start=None, packages_end=None, allow_overriding=[], cmake_args=None, cmake_target=None, cmake_target_skip_unavailable=False, cmake_clean_cache=False, cmake_clean_first=False, cmake_force_configure=False, ament_cmake_args=None, catkin_cmake_args=None, catkin_skip_building_tests=False, verb_parser=<colcon_defaults.argument_parser.defaults.DefaultArgumentsDecorator object at 0x703c80e374c0>, verb_extension=<colcon_core.verb.build.BuildVerb object at 0x703c80e36fb0>, main=<bound method BuildVerb.main of <colcon_core.verb.build.BuildVerb object at 0x703c80e36fb0>>)
[0.503s] Level 1:colcon.colcon_core.package_discovery:discover_packages(colcon_meta) check parameters
[0.503s] Level 1:colcon.colcon_core.package_discovery:discover_packages(recursive) check parameters
[0.503s] Level 1:colcon.colcon_core.package_discovery:discover_packages(ignore) check parameters
[0.503s] Level 1:colcon.colcon_core.package_discovery:discover_packages(path) check parameters
[0.503s] Level 1:colcon.colcon_core.package_discovery:discover_packages(colcon_meta) discover
[0.503s] Level 1:colcon.colcon_core.package_discovery:discover_packages(recursive) discover
[0.503s] INFO:colcon.colcon_core.package_discovery:Crawling recursively for packages in '/home/amrutha/robotics-training/ros2_ws/src/my_robot'
[0.503s] Level 1:colcon.colcon_core.package_identification:_identify(.) by extensions ['ignore', 'ignore_ament_install']
[0.504s] Level 1:colcon.colcon_core.package_identification:_identify(.) by extension 'ignore'
[0.504s] Level 1:colcon.colcon_core.package_identification:_identify(.) by extension 'ignore_ament_install'
[0.504s] Level 1:colcon.colcon_core.package_identification:_identify(.) by extensions ['colcon_pkg']
[0.504s] Level 1:colcon.colcon_core.package_identification:_identify(.) by extension 'colcon_pkg'
[0.504s] Level 1:colcon.colcon_core.package_identification:_identify(.) by extensions ['colcon_meta']
[0.504s] Level 1:colcon.colcon_core.package_identification:_identify(.) by extension 'colcon_meta'
[0.504s] Level 1:colcon.colcon_core.package_identification:_identify(.) by extensions ['ros']
[0.504s] Level 1:colcon.colcon_core.package_identification:_identify(.) by extension 'ros'
[0.530s] DEBUG:colcon.colcon_core.package_identification:Package '.' with type 'ros.ament_python' and name 'my_robot'
[0.530s] Level 1:colcon.colcon_core.package_discovery:discover_packages(recursive) using defaults
[0.530s] Level 1:colcon.colcon_core.package_discovery:discover_packages(ignore) discover
[0.531s] Level 1:colcon.colcon_core.package_discovery:discover_packages(ignore) using defaults
[0.531s] Level 1:colcon.colcon_core.package_discovery:discover_packages(path) discover
[0.531s] Level 1:colcon.colcon_core.package_discovery:discover_packages(path) using defaults
[0.567s] Level 1:colcon.colcon_core.package_discovery:discover_packages(prefix_path) check parameters
[0.567s] Level 1:colcon.colcon_core.package_discovery:discover_packages(prefix_path) discover
[0.570s] DEBUG:colcon.colcon_installed_package_information.package_discovery:Found 1 installed packages in /home/amrutha/robotics-training/ros2_ws/install
[0.572s] DEBUG:colcon.colcon_installed_package_information.package_discovery:Found 273 installed packages in /opt/ros/humble
[0.577s] Level 1:colcon.colcon_core.package_discovery:discover_packages(prefix_path) using defaults
[0.680s] Level 5:colcon.colcon_core.verb:set package 'my_robot' build argument 'cmake_args' from command line to 'None'
[0.680s] Level 5:colcon.colcon_core.verb:set package 'my_robot' build argument 'cmake_target' from command line to 'None'
[0.680s] Level 5:colcon.colcon_core.verb:set package 'my_robot' build argument 'cmake_target_skip_unavailable' from command line to 'False'
[0.681s] Level 5:colcon.colcon_core.verb:set package 'my_robot' build argument 'cmake_clean_cache' from command line to 'False'
[0.681s] Level 5:colcon.colcon_core.verb:set package 'my_robot' build argument 'cmake_clean_first' from command line to 'False'
[0.681s] Level 5:colcon.colcon_core.verb:set package 'my_robot' build argument 'cmake_force_configure' from command line to 'False'
[0.681s] Level 5:colcon.colcon_core.verb:set package 'my_robot' build argument 'ament_cmake_args' from command line to 'None'
[0.681s] Level 5:colcon.colcon_core.verb:set package 'my_robot' build argument 'catkin_cmake_args' from command line to 'None'
[0.681s] Level 5:colcon.colcon_core.verb:set package 'my_robot' build argument 'catkin_skip_building_tests' from command line to 'False'
[0.681s] DEBUG:colcon.colcon_core.verb:Building package 'my_robot' with the following arguments: {'ament_cmake_args': None, 'build_base': '/home/amrutha/robotics-training/ros2_ws/src/my_robot/build/my_robot', 'catkin_cmake_args': None, 'catkin_skip_building_tests': False, 'cmake_args': None, 'cmake_clean_cache': False, 'cmake_clean_first': False, 'cmake_force_configure': False, 'cmake_target': None, 'cmake_target_skip_unavailable': False, 'install_base': '/home/amrutha/robotics-training/ros2_ws/src/my_robot/install/my_robot', 'merge_install': False, 'path': '/home/amrutha/robotics-training/ros2_ws/src/my_robot', 'symlink_install': False, 'test_result_base': None}
[0.681s] INFO:colcon.colcon_core.executor:Executing jobs using 'parallel' executor
[0.683s] DEBUG:colcon.colcon_parallel_executor.executor.parallel:run_until_complete
[0.683s] INFO:colcon.colcon_ros.task.ament_python.build:Building ROS package in '/home/amrutha/robotics-training/ros2_ws/src/my_robot' with build type 'ament_python'
[0.684s] Level 1:colcon.colcon_core.shell:create_environment_hook('my_robot', 'ament_prefix_path')
[0.687s] INFO:colcon.colcon_core.plugin_system:Skipping extension 'colcon_core.shell.bat': Not used on non-Windows systems
[0.687s] INFO:colcon.colcon_core.shell:Creating environment hook '/home/amrutha/robotics-training/ros2_ws/src/my_robot/install/my_robot/share/my_robot/hook/ament_prefix_path.ps1'
[0.689s] INFO:colcon.colcon_core.shell:Creating environment descriptor '/home/amrutha/robotics-training/ros2_ws/src/my_robot/install/my_robot/share/my_robot/hook/ament_prefix_path.dsv'
[0.689s] INFO:colcon.colcon_core.shell:Creating environment hook '/home/amrutha/robotics-training/ros2_ws/src/my_robot/install/my_robot/share/my_robot/hook/ament_prefix_path.sh'
[0.691s] INFO:colcon.colcon_core.shell:Skip shell extension 'powershell' for command environment: Not usable outside of PowerShell
[0.691s] DEBUG:colcon.colcon_core.shell:Skip shell extension 'dsv' for command environment
[1.181s] INFO:colcon.colcon_core.task.python.build:Building Python package in '/home/amrutha/robotics-training/ros2_ws/src/my_robot'
[1.182s] INFO:colcon.colcon_core.shell:Skip shell extension 'powershell' for command environment: Not usable outside of PowerShell
[1.182s] DEBUG:colcon.colcon_core.shell:Skip shell extension 'dsv' for command environment
[1.808s] DEBUG:colcon.colcon_core.task.python.build:Available setuptools commands: clean, dist_info, test, easy_install, install, develop, upload, setopt, build_ext, build, install_headers, register, install_scripts, bdist_dumb, symlink_data, build_scripts, install_lib, check, rotate, install_data, build_clib, install_egg_info, bdist, sdist, upload_docs, bdist_rpm, alias, egg_info, saveopts, build_py, bdist_egg
[1.814s] DEBUG:colcon.colcon_core.event_handler.log_command:Invoking command in '/home/amrutha/robotics-training/ros2_ws/src/my_robot': PYTHONPATH=/home/amrutha/robotics-training/ros2_ws/src/my_robot/build/my_robot/prefix_override:/usr/lib/python3/dist-packages/colcon_core/task/python/colcon_distutils_commands:/home/amrutha/robotics-training/ros2_ws/src/my_robot/install/my_robot/lib/python3.10/site-packages:${PYTHONPATH} /usr/bin/python3 -W ignore:setup.py install is deprecated -W ignore:easy_install command is deprecated setup.py egg_info --egg-base build/my_robot build --build-base /home/amrutha/robotics-training/ros2_ws/src/my_robot/build/my_robot/build install --record /home/amrutha/robotics-training/ros2_ws/src/my_robot/build/my_robot/install.log --install-scripts $base/lib/my_robot --single-version-externally-managed install_data
[2.374s] DEBUG:colcon.colcon_core.event_handler.log_command:Invoked command in '/home/amrutha/robotics-training/ros2_ws/src/my_robot' returned '0': PYTHONPATH=/home/amrutha/robotics-training/ros2_ws/src/my_robot/build/my_robot/prefix_override:/usr/lib/python3/dist-packages/colcon_core/task/python/colcon_distutils_commands:/home/amrutha/robotics-training/ros2_ws/src/my_robot/install/my_robot/lib/python3.10/site-packages:${PYTHONPATH} /usr/bin/python3 -W ignore:setup.py install is deprecated -W ignore:easy_install command is deprecated setup.py egg_info --egg-base build/my_robot build --build-base /home/amrutha/robotics-training/ros2_ws/src/my_robot/build/my_robot/build install --record /home/amrutha/robotics-training/ros2_ws/src/my_robot/build/my_robot/install.log --install-scripts $base/lib/my_robot --single-version-externally-managed install_data
[2.377s] Level 1:colcon.colcon_core.environment:checking '/home/amrutha/robotics-training/ros2_ws/src/my_robot/install/my_robot' for CMake module files
[2.378s] Level 1:colcon.colcon_core.environment:checking '/home/amrutha/robotics-training/ros2_ws/src/my_robot/install/my_robot' for CMake config files
[2.381s] Level 1:colcon.colcon_core.environment:checking '/home/amrutha/robotics-training/ros2_ws/src/my_robot/install/my_robot/lib'
[2.381s] Level 1:colcon.colcon_core.environment:checking '/home/amrutha/robotics-training/ros2_ws/src/my_robot/install/my_robot/bin'
[2.381s] Level 1:colcon.colcon_core.environment:checking '/home/amrutha/robotics-training/ros2_ws/src/my_robot/install/my_robot/lib/pkgconfig/my_robot.pc'
[2.382s] Level 1:colcon.colcon_core.environment:checking '/home/amrutha/robotics-training/ros2_ws/src/my_robot/install/my_robot/lib/python3.10/site-packages'
[2.382s] Level 1:colcon.colcon_core.shell:create_environment_hook('my_robot', 'pythonpath')
[2.382s] INFO:colcon.colcon_core.shell:Creating environment hook '/home/amrutha/robotics-training/ros2_ws/src/my_robot/install/my_robot/share/my_robot/hook/pythonpath.ps1'
[2.383s] INFO:colcon.colcon_core.shell:Creating environment descriptor '/home/amrutha/robotics-training/ros2_ws/src/my_robot/install/my_robot/share/my_robot/hook/pythonpath.dsv'
[2.383s] INFO:colcon.colcon_core.shell:Creating environment hook '/home/amrutha/robotics-training/ros2_ws/src/my_robot/install/my_robot/share/my_robot/hook/pythonpath.sh'
[2.385s] Level 1:colcon.colcon_core.environment:checking '/home/amrutha/robotics-training/ros2_ws/src/my_robot/install/my_robot/bin'
[2.385s] Level 1:colcon.colcon_core.environment:create_environment_scripts_only(my_robot)
[2.385s] INFO:colcon.colcon_core.shell:Creating package script '/home/amrutha/robotics-training/ros2_ws/src/my_robot/install/my_robot/share/my_robot/package.ps1'
[2.387s] INFO:colcon.colcon_core.shell:Creating package descriptor '/home/amrutha/robotics-training/ros2_ws/src/my_robot/install/my_robot/share/my_robot/package.dsv'
[2.388s] INFO:colcon.colcon_core.shell:Creating package script '/home/amrutha/robotics-training/ros2_ws/src/my_robot/install/my_robot/share/my_robot/package.sh'
[2.390s] INFO:colcon.colcon_core.shell:Creating package script '/home/amrutha/robotics-training/ros2_ws/src/my_robot/install/my_robot/share/my_robot/package.bash'
[2.391s] INFO:colcon.colcon_core.shell:Creating package script '/home/amrutha/robotics-training/ros2_ws/src/my_robot/install/my_robot/share/my_robot/package.zsh'
[2.392s] Level 1:colcon.colcon_core.environment:create_file_with_runtime_dependencies(/home/amrutha/robotics-training/ros2_ws/src/my_robot/install/my_robot/share/colcon-core/packages/my_robot)
[2.393s] DEBUG:colcon.colcon_parallel_executor.executor.parallel:closing loop
[2.393s] DEBUG:colcon.colcon_parallel_executor.executor.parallel:loop closed
[2.394s] DEBUG:colcon.colcon_parallel_executor.executor.parallel:run_until_complete finished with '0'
[2.394s] DEBUG:colcon.colcon_core.event_reactor:joining thread
[2.403s] INFO:colcon.colcon_core.plugin_system:Skipping extension 'colcon_notification.desktop_notification.terminal_notifier': Not used on non-Darwin systems
[2.403s] INFO:colcon.colcon_core.plugin_system:Skipping extension 'colcon_notification.desktop_notification.win32': Not used on non-Windows systems
[2.403s] INFO:colcon.colcon_notification.desktop_notification:Sending desktop notification using 'notify2'
[2.424s] DEBUG:colcon.colcon_core.event_reactor:joined thread
[2.424s] INFO:colcon.colcon_core.shell:Creating prefix script '/home/amrutha/robotics-training/ros2_ws/src/my_robot/install/local_setup.ps1'
[2.426s] INFO:colcon.colcon_core.shell:Creating prefix util module '/home/amrutha/robotics-training/ros2_ws/src/my_robot/install/_local_setup_util_ps1.py'
[2.431s] INFO:colcon.colcon_core.shell:Creating prefix chain script '/home/amrutha/robotics-training/ros2_ws/src/my_robot/install/setup.ps1'
[2.434s] INFO:colcon.colcon_core.shell:Creating prefix script '/home/amrutha/robotics-training/ros2_ws/src/my_robot/install/local_setup.sh'
[2.436s] INFO:colcon.colcon_core.shell:Creating prefix util module '/home/amrutha/robotics-training/ros2_ws/src/my_robot/install/_local_setup_util_sh.py'
[2.438s] INFO:colcon.colcon_core.shell:Creating prefix chain script '/home/amrutha/robotics-training/ros2_ws/src/my_robot/install/setup.sh'
[2.440s] INFO:colcon.colcon_core.shell:Creating prefix script '/home/amrutha/robotics-training/ros2_ws/src/my_robot/install/local_setup.bash'
[2.441s] INFO:colcon.colcon_core.shell:Creating prefix chain script '/home/amrutha/robotics-training/ros2_ws/src/my_robot/install/setup.bash'
[2.443s] INFO:colcon.colcon_core.shell:Creating prefix script '/home/amrutha/robotics-training/ros2_ws/src/my_robot/install/local_setup.zsh'
[2.444s] INFO:colcon.colcon_core.shell:Creating prefix chain script '/home/amrutha/robotics-training/ros2_ws/src/my_robot/install/setup.zsh'
