running egg_info
creating build/my_robot/my_robot.egg-info
writing build/my_robot/my_robot.egg-info/PKG-INFO
writing dependency_links to build/my_robot/my_robot.egg-info/dependency_links.txt
writing entry points to build/my_robot/my_robot.egg-info/entry_points.txt
writing requirements to build/my_robot/my_robot.egg-info/requires.txt
writing top-level names to build/my_robot/my_robot.egg-info/top_level.txt
writing manifest file 'build/my_robot/my_robot.egg-info/SOURCES.txt'
reading manifest file 'build/my_robot/my_robot.egg-info/SOURCES.txt'
writing manifest file 'build/my_robot/my_robot.egg-info/SOURCES.txt'
running build
running build_py
creating /home/amrutha/robotics-training/ros2_ws/src/my_robot/build/my_robot/build
creating /home/amrutha/robotics-training/ros2_ws/src/my_robot/build/my_robot/build/lib
creating /home/amrutha/robotics-training/ros2_ws/src/my_robot/build/my_robot/build/lib/my_robot
copying my_robot/hello_node.py -> /home/amrutha/robotics-training/ros2_ws/src/my_robot/build/my_robot/build/lib/my_robot
copying my_robot/talker.py -> /home/amrutha/robotics-training/ros2_ws/src/my_robot/build/my_robot/build/lib/my_robot
copying my_robot/service_client.py -> /home/amrutha/robotics-training/ros2_ws/src/my_robot/build/my_robot/build/lib/my_robot
copying my_robot/__init__.py -> /home/amrutha/robotics-training/ros2_ws/src/my_robot/build/my_robot/build/lib/my_robot
copying my_robot/listener.py -> /home/amrutha/robotics-training/ros2_ws/src/my_robot/build/my_robot/build/lib/my_robot
copying my_robot/service_server.py -> /home/amrutha/robotics-training/ros2_ws/src/my_robot/build/my_robot/build/lib/my_robot
running install
running install_lib
creating /home/amrutha/robotics-training/ros2_ws/src/my_robot/install/my_robot/lib/python3.10/site-packages/my_robot
copying /home/amrutha/robotics-training/ros2_ws/src/my_robot/build/my_robot/build/lib/my_robot/hello_node.py -> /home/amrutha/robotics-training/ros2_ws/src/my_robot/install/my_robot/lib/python3.10/site-packages/my_robot
copying /home/amrutha/robotics-training/ros2_ws/src/my_robot/build/my_robot/build/lib/my_robot/talker.py -> /home/amrutha/robotics-training/ros2_ws/src/my_robot/install/my_robot/lib/python3.10/site-packages/my_robot
copying /home/amrutha/robotics-training/ros2_ws/src/my_robot/build/my_robot/build/lib/my_robot/service_client.py -> /home/amrutha/robotics-training/ros2_ws/src/my_robot/install/my_robot/lib/python3.10/site-packages/my_robot
copying /home/amrutha/robotics-training/ros2_ws/src/my_robot/build/my_robot/build/lib/my_robot/__init__.py -> /home/amrutha/robotics-training/ros2_ws/src/my_robot/install/my_robot/lib/python3.10/site-packages/my_robot
copying /home/amrutha/robotics-training/ros2_ws/src/my_robot/build/my_robot/build/lib/my_robot/listener.py -> /home/amrutha/robotics-training/ros2_ws/src/my_robot/install/my_robot/lib/python3.10/site-packages/my_robot
copying /home/amrutha/robotics-training/ros2_ws/src/my_robot/build/my_robot/build/lib/my_robot/service_server.py -> /home/amrutha/robotics-training/ros2_ws/src/my_robot/install/my_robot/lib/python3.10/site-packages/my_robot
byte-compiling /home/amrutha/robotics-training/ros2_ws/src/my_robot/install/my_robot/lib/python3.10/site-packages/my_robot/hello_node.py to hello_node.cpython-310.pyc
byte-compiling /home/amrutha/robotics-training/ros2_ws/src/my_robot/install/my_robot/lib/python3.10/site-packages/my_robot/talker.py to talker.cpython-310.pyc
byte-compiling /home/amrutha/robotics-training/ros2_ws/src/my_robot/install/my_robot/lib/python3.10/site-packages/my_robot/service_client.py to service_client.cpython-310.pyc
byte-compiling /home/amrutha/robotics-training/ros2_ws/src/my_robot/install/my_robot/lib/python3.10/site-packages/my_robot/__init__.py to __init__.cpython-310.pyc
byte-compiling /home/amrutha/robotics-training/ros2_ws/src/my_robot/install/my_robot/lib/python3.10/site-packages/my_robot/listener.py to listener.cpython-310.pyc
byte-compiling /home/amrutha/robotics-training/ros2_ws/src/my_robot/install/my_robot/lib/python3.10/site-packages/my_robot/service_server.py to service_server.cpython-310.pyc
running install_data
creating /home/amrutha/robotics-training/ros2_ws/src/my_robot/install/my_robot/share/ament_index
creating /home/amrutha/robotics-training/ros2_ws/src/my_robot/install/my_robot/share/ament_index/resource_index
creating /home/amrutha/robotics-training/ros2_ws/src/my_robot/install/my_robot/share/ament_index/resource_index/packages
copying resource/my_robot -> /home/amrutha/robotics-training/ros2_ws/src/my_robot/install/my_robot/share/ament_index/resource_index/packages
copying package.xml -> /home/amrutha/robotics-training/ros2_ws/src/my_robot/install/my_robot/share/my_robot
running install_egg_info
Copying build/my_robot/my_robot.egg-info to /home/amrutha/robotics-training/ros2_ws/src/my_robot/install/my_robot/lib/python3.10/site-packages/my_robot-0.0.0-py3.10.egg-info
running install_scripts
Installing hello_node script to /home/amrutha/robotics-training/ros2_ws/src/my_robot/install/my_robot/lib/my_robot
Installing listener script to /home/amrutha/robotics-training/ros2_ws/src/my_robot/install/my_robot/lib/my_robot
Installing service_client script to /home/amrutha/robotics-training/ros2_ws/src/my_robot/install/my_robot/lib/my_robot
Installing service_server script to /home/amrutha/robotics-training/ros2_ws/src/my_robot/install/my_robot/lib/my_robot
Installing talker script to /home/amrutha/robotics-training/ros2_ws/src/my_robot/install/my_robot/lib/my_robot
writing list of installed files to '/home/amrutha/robotics-training/ros2_ws/src/my_robot/build/my_robot/install.log'
