[1.019s] Invoking command in '/home/amrutha/ros2_ws/src/my_robot': PYTHONPATH=/home/amrutha/ros2_ws/build/my_robot/prefix_override:/usr/lib/python3/dist-packages/colcon_core/task/python/colcon_distutils_commands:/home/amrutha/ros2_ws/install/my_robot/lib/python3.10/site-packages:${PYTHONPATH} /usr/bin/python3 -W ignore:setup.py install is deprecated -W ignore:easy_install command is deprecated setup.py egg_info --egg-base ../../build/my_robot build --build-base /home/amrutha/ros2_ws/build/my_robot/build install --record /home/amrutha/ros2_ws/build/my_robot/install.log --install-scripts $base/lib/my_robot --single-version-externally-managed install_data
[1.419s] running egg_info
[1.420s] creating ../../build/my_robot/my_robot.egg-info
[1.420s] writing ../../build/my_robot/my_robot.egg-info/PKG-INFO
[1.421s] writing dependency_links to ../../build/my_robot/my_robot.egg-info/dependency_links.txt
[1.421s] writing entry points to ../../build/my_robot/my_robot.egg-info/entry_points.txt
[1.421s] writing requirements to ../../build/my_robot/my_robot.egg-info/requires.txt
[1.421s] writing top-level names to ../../build/my_robot/my_robot.egg-info/top_level.txt
[1.422s] writing manifest file '../../build/my_robot/my_robot.egg-info/SOURCES.txt'
[1.424s] reading manifest file '../../build/my_robot/my_robot.egg-info/SOURCES.txt'
[1.425s] writing manifest file '../../build/my_robot/my_robot.egg-info/SOURCES.txt'
[1.426s] running build
[1.426s] running build_py
[1.426s] creating /home/amrutha/ros2_ws/build/my_robot/build
[1.426s] creating /home/amrutha/ros2_ws/build/my_robot/build/lib
[1.426s] creating /home/amrutha/ros2_ws/build/my_robot/build/lib/my_robot
[1.427s] copying my_robot/__init__.py -> /home/amrutha/ros2_ws/build/my_robot/build/lib/my_robot
[1.427s] running install
[1.427s] running install_lib
[1.428s] creating /home/amrutha/ros2_ws/install/my_robot/lib/python3.10/site-packages/my_robot
[1.428s] copying /home/amrutha/ros2_ws/build/my_robot/build/lib/my_robot/__init__.py -> /home/amrutha/ros2_ws/install/my_robot/lib/python3.10/site-packages/my_robot
[1.429s] byte-compiling /home/amrutha/ros2_ws/install/my_robot/lib/python3.10/site-packages/my_robot/__init__.py to __init__.cpython-310.pyc
[1.430s] running install_data
[1.430s] creating /home/amrutha/ros2_ws/install/my_robot/share/ament_index
[1.430s] creating /home/amrutha/ros2_ws/install/my_robot/share/ament_index/resource_index
[1.430s] creating /home/amrutha/ros2_ws/install/my_robot/share/ament_index/resource_index/packages
[1.430s] copying resource/my_robot -> /home/amrutha/ros2_ws/install/my_robot/share/ament_index/resource_index/packages
[1.431s] copying package.xml -> /home/amrutha/ros2_ws/install/my_robot/share/my_robot
[1.431s] running install_egg_info
[1.434s] Copying ../../build/my_robot/my_robot.egg-info to /home/amrutha/ros2_ws/install/my_robot/lib/python3.10/site-packages/my_robot-0.0.0-py3.10.egg-info
[1.436s] running install_scripts
[1.472s] writing list of installed files to '/home/amrutha/ros2_ws/build/my_robot/install.log'
[1.522s] Invoked command in '/home/amrutha/ros2_ws/src/my_robot' returned '0': PYTHONPATH=/home/amrutha/ros2_ws/build/my_robot/prefix_override:/usr/lib/python3/dist-packages/colcon_core/task/python/colcon_distutils_commands:/home/amrutha/ros2_ws/install/my_robot/lib/python3.10/site-packages:${PYTHONPATH} /usr/bin/python3 -W ignore:setup.py install is deprecated -W ignore:easy_install command is deprecated setup.py egg_info --egg-base ../../build/my_robot build --build-base /home/amrutha/ros2_ws/build/my_robot/build install --record /home/amrutha/ros2_ws/build/my_robot/install.log --install-scripts $base/lib/my_robot --single-version-externally-managed install_data
